#rutracker
rutor.info
rutor.is
rutor.org
rutracker.cc
rutracker.net
rutracker.org
rutracker.wiki

zerotier.com

ipleak.net
adguard.com
adobe.com
adultmult.tv
agents.media
ai-chat.bsg.brave.com
amdm.ru
amedia.site
amnezia.org
amx.com
analog.com
anidub.com
bbc.co.uk
bbc.com
booktracker.org
canva.com
canva.dev
capcut.com
cats.com
censortracker.org
chat.com
daemon-tools.cc
decrypt.day
designer.microsoft.com
developer.nvidia.com
cdninstagram.com
instagram.com
adidas.com
intel.com
intel.de
intel.nl
animaunt.org
habr.com
hdrezka.ag
rezka.ag
ntc.party
kino.pub
kinogo.ec
kinogo.la
kinogo.uk
kinovod.net
kinozal.guru
kinozal.tv
lifehacker.com
linkedin.com
digitalcontent.sky
digitalocean.com
discord-activities.com
discord-attachments-uploads-prd.storage.googleapis.com
discord.co
discord.com
discord.design
discord.dev
discord.gg
discord.gift
discord.gifts
discord.media
discord.new
discord.store
discord.tools
discordactivities.com
discordapp.com
discordapp.net
discordmerch.com
discordpartygames.com
discordsays.com
discours.io
euronews.com
facebook.com
facebook.net
fast-torrent.club
fb.com
fbcdn.net
fbsbx.com
filmitorrent.net
filmix.ac
filmix.biz
filmix.day
filmix.fm
filmix.la
flibusta.is
flibusta.net
foxnews.com
gaming.amazon.com
getoutline.com
getoutline.org
goodreads.com
gpsonextra.net
grani.ru
graylog.org
groupon.com
hackernoon.com
hackmd.io
hdkinoteatr.com
hdrezka.ac
hdrezka.ag
hdrezka.me
healthline.com
hentai-foundry.com
hetzner.com
ibm.com
image.tmdb.org
important-stories.com
indiehackers.com
install.launcher.omniverse.nvidia.com
iptv.online
kaktus.media
kasparov.ru
kino.pub
kinogo.ec
kinogo.la
kinogo.uk
kinovod.net
kinozal.guru
kinozal.tv
lidarr.audio
lifehacker.com
lightning.ai
linear.app
linkedin.com
lookerstudio.google.com
lostfilm.tv
lostfilmtv2.site
lucid.app
mail-api.proton.me
mailfence.com
mailo.com
malwarebytes.com
mangadex.org
mangahub.ru
mangapark.net
mediazona.ca
meduza.io
megapeer.vip
merezha.co
meta.com
metacritic.com
metal-archives.com
metla.press
mullvad.net
muscdn.com
musical.ly
navalny.com
nba.com
netflix.ca
netflix.net
netflixinvestor.com
netflixtechblog.com
netlify.com
networksolutions.com
news.google.com
newsru.co.il
newsru.com
newtimes.ru
nnmclub.to
nnmstatic.win
nordvpn.com
notepad-plus-plus.org
novaya.no
novayagazeta.eu
novayagazeta.ru
ntc.party
nxp.com
oaistatic.com
oaiusercontent.com
ocstore.com
oculus.com
openmedia.io
opensea.io
opposition-news.com
paperpaper.io
paperpaper.ru
patreon.com
periscope.tv
platform.activestate.com
playboy.com
polit.ru
politico.eu
pravda.com
primevideo.com
privatekeys.pw
proekt.media
prosleduetmedia.com
prostovpn.org
proton.me
protonvpn.com
provereno.media
reddxxx.com
rezka.ag
rezka.my
rezkify.com
rezonans.media
sakhalin.info
signal.org
site.com
sky.com
sora.com
soundcloud.com
sputnikipogrom.com
svoboda.org
teamviewer.com
telegraf.by
telegraf.news
telegraph.co.uk
telemetr.io
tellapart.com
temu.com
terraform.io
tik-tokapi.com
tiktok.com
tiktokcdn-eu.com
tiktokcdn-us.com
tiktokcdn.com
tiktokd.net
tiktokd.org
tiktokv.com
tiktokv.us
tiktokw.us
timberland.de
tmdb-image-prod.b-cdn.net
tmdb.com
tmdb.org
torrentgalaxy.to
trailblazer.me
tvfreedom.io
tvrain.ru
tvrain.tv
tweetdeck.com
twimg.com
twirpx.com
twitpic.com
twitter.biz
twitter.com
twitter.jp
twittercommunity.com
twitterflightschool.com
twitterinc.com
twitteroauth.com
twitterstat.us
twtrdns.net
twttr.com
twttr.net
twvid.com
typing.com
usa.one
vine.co
weather.com
x.com
